// Jest Snapshot v1, https://goo.gl/fbAQLP

exports[`Render a User 1`] = `
<div
  class="test"
>
  <div
    style="color:rgba(0, 0, 0, 0.87);background-color:#ffffff;transition:all 450ms cubic-bezier(0.23, 1, 0.32, 1) 0ms;box-sizing:border-box;font-family:Roboto, sans-serif;-webkit-tap-highlight-color:rgba(0,0,0,0);box-shadow:0 1px 6px rgba(0, 0, 0, 0.12),
           0 1px 4px rgba(0, 0, 0, 0.12);border-radius:2px;z-index:1;mui-prepared:;"
  >
    <div
      style="padding-bottom:0;"
    >
      <div
        class="title"
      >
        <img
          alt=""
          class="image"
          src="http://via.placeholder.com/300x300"
          width="150"
        />
        <div
          class="name"
        >
          <a>
            John
          </a>
        </div>
      </div>
      <div
        class="item"
      >
        <div
          class="itemIcon"
        >
          <svg
            style="display:inline-block;color:rgba(0, 0, 0, 0.87);fill:grey;height:24px;width:24px;user-select:none;transition:all 450ms cubic-bezier(0.23, 1, 0.32, 1) 0ms;mui-prepared:;"
            viewbox="0 0 24 24"
          >
            <path
              d="M12 2C6.48 2 2 6.48 2 12s4.48 10 10 10 10-4.48 10-10S17.52 2 12 2zm0 3c1.66 0 3 1.34 3 3s-1.34 3-3 3-3-1.34-3-3 1.34-3 3-3zm0 14.2c-2.5 0-4.71-1.28-6-3.22.03-1.99 4-3.08 6-3.08 1.99 0 5.97 1.09 6 3.08-1.29 1.94-3.5 3.22-6 3.22z"
            />
          </svg>
        </div>
        <div
          class="itemText"
        >
          <a
            class="key"
          >
             Fullname 
          </a>
          <a
            class="value"
          >
             Mr. John Doe 
          </a>
        </div>
      </div>
      <div
        class="item"
      >
        <div
          class="itemIcon"
        >
          <svg
            style="display:inline-block;color:rgba(0, 0, 0, 0.87);fill:grey;height:24px;width:24px;user-select:none;transition:all 450ms cubic-bezier(0.23, 1, 0.32, 1) 0ms;mui-prepared:;"
            viewbox="0 0 24 24"
          >
            <path
              d="M12 8c-2.21 0-4 1.79-4 4s1.79 4 4 4 4-1.79 4-4-1.79-4-4-4zm8.94 3c-.46-4.17-3.77-7.48-7.94-7.94V1h-2v2.06C6.83 3.52 3.52 6.83 3.06 11H1v2h2.06c.46 4.17 3.77 7.48 7.94 7.94V23h2v-2.06c4.17-.46 7.48-3.77 7.94-7.94H23v-2h-2.06zM12 19c-3.87 0-7-3.13-7-7s3.13-7 7-7 7 3.13 7 7-3.13 7-7 7z"
            />
          </svg>
        </div>
        <div
          class="itemText"
        >
          <a
            class="key"
          >
             Email 
          </a>
          <a
            class="value"
          >
             gabriel.mathieu@example.com 
          </a>
        </div>
      </div>
      <div
        style="box-sizing:border-box;color:rgba(0, 0, 0, 0.54);font-size:14px;font-weight:500;line-height:48px;padding-left:16px;width:100%;mui-prepared:;"
      >
        Address
      </div>
      <div
        class="item"
      >
        <div
          class="itemIcon"
        >
          <svg
            class="flag"
            style="display:inline-block;color:rgba(0, 0, 0, 0.87);fill:grey;height:24px;width:24px;user-select:none;transition:all 450ms cubic-bezier(0.23, 1, 0.32, 1) 0ms;mui-prepared:;"
            viewbox="0 0 24 24"
          >
            <path
              d="M9.4 16.6L4.8 12l4.6-4.6L8 6l-6 6 6 6 1.4-1.4zm5.2 0l4.6-4.6-4.6-4.6L16 6l6 6-6 6-1.4-1.4z"
            />
          </svg>
        </div>
        <div
          class="itemText"
        >
          <a
            class="key"
          >
             Street 
          </a>
          <a
            class="value"
          >
             2976 quai charles-de-gaulle 
          </a>
        </div>
      </div>
      <div
        class="item"
      >
        <div
          class="itemIcon"
        >
          <svg
            class="flag"
            style="display:inline-block;color:rgba(0, 0, 0, 0.87);fill:grey;height:24px;width:24px;user-select:none;transition:all 450ms cubic-bezier(0.23, 1, 0.32, 1) 0ms;mui-prepared:;"
            viewbox="0 0 24 24"
          >
            <path
              d="M15 11V5l-3-3-3 3v2H3v14h18V11h-6zm-8 8H5v-2h2v2zm0-4H5v-2h2v2zm0-4H5V9h2v2zm6 8h-2v-2h2v2zm0-4h-2v-2h2v2zm0-4h-2V9h2v2zm0-4h-2V5h2v2zm6 12h-2v-2h2v2zm0-4h-2v-2h2v2z"
            />
          </svg>
        </div>
        <div
          class="itemText"
        >
          <a
            class="key"
          >
             City 
          </a>
          <a
            class="value"
          >
             pully 
          </a>
        </div>
      </div>
      <div
        class="item"
      >
        <div
          class="itemIcon"
        >
          <svg
            class="flag"
            style="display:inline-block;color:rgba(0, 0, 0, 0.87);fill:grey;height:24px;width:24px;user-select:none;transition:all 450ms cubic-bezier(0.23, 1, 0.32, 1) 0ms;mui-prepared:;"
            viewbox="0 0 24 24"
          >
            <path
              d="M9.4 16.6L4.8 12l4.6-4.6L8 6l-6 6 6 6 1.4-1.4zm5.2 0l4.6-4.6-4.6-4.6L16 6l6 6-6 6-1.4-1.4z"
            />
          </svg>
        </div>
        <div
          class="itemText"
        >
          <a
            class="key"
          >
             Zip-Code 
          </a>
          <a
            class="value"
          >
             8831 
          </a>
        </div>
      </div>
      <div
        class="item"
      >
        <div
          class="itemIcon"
        >
          <svg
            class="flag"
            style="display:inline-block;color:rgba(0, 0, 0, 0.87);fill:grey;height:24px;width:24px;user-select:none;transition:all 450ms cubic-bezier(0.23, 1, 0.32, 1) 0ms;mui-prepared:;"
            viewbox="0 0 24 24"
          >
            <path
              d="M14 6l-3.75 5 2.85 3.8-1.6 1.2C9.81 13.75 7 10 7 10l-6 8h22L14 6z"
            />
          </svg>
        </div>
        <div
          class="itemText"
        >
          <a
            class="key"
          >
             State 
          </a>
          <a
            class="value"
          >
             graub√ºnden 
          </a>
        </div>
      </div>
      <div
        class="item"
      >
        <div
          class="itemIcon"
        >
          <img
            alt="Canada Flag"
            class="flag"
            src="/flags/flags-iso/flat/32/BR.png"
          />
        </div>
        <div
          class="itemText"
        >
          <a
            class="key"
          >
             Nationality 
          </a>
          <a
            class="value"
          >
             BR 
          </a>
        </div>
      </div>
      <hr
        style="margin:0;margin-top:-1px;margin-left:0;height:1px;border:none;background-color:#e0e0e0;mui-prepared:;"
      />
    </div>
  </div>
</div>
`;
